// Jest Snapshot v1, https://goo.gl/fbAQLP

exports[`testing rename for entity.vhd in 5:8 - 5:19 true 1`] = `
[
  "5:8 - 5:19",
  "8:22 - 8:33",
  "6:5 - 6:16",
]
`;

exports[`testing rename for entity.vhd in 6:5 - 6:16 true 1`] = `
[
  "5:8 - 5:19",
  "8:22 - 8:33",
  "6:5 - 6:16",
]
`;

exports[`testing rename for entity.vhd in 8:14 - 8:18 true 1`] = `
[
  "8:14 - 8:18",
  "11:18 - 11:22",
]
`;

exports[`testing rename for entity.vhd in 8:22 - 8:33 true 1`] = `
[
  "5:8 - 5:19",
  "8:22 - 8:33",
  "6:5 - 6:16",
]
`;

exports[`testing rename for entity.vhd in 11:18 - 11:22 true 1`] = `
[
  "8:14 - 8:18",
  "11:18 - 11:22",
]
`;

exports[`testing rename for package.vhd in 1:9 - 1:17 true 1`] = `
[
  "1:9 - 1:17",
  "3:13 - 3:21",
  "4:14 - 4:22",
  "5:18 - 5:26",
]
`;

exports[`testing rename for package.vhd in 3:13 - 3:21 true 1`] = `
[
  "1:9 - 1:17",
  "3:13 - 3:21",
  "4:14 - 4:22",
  "5:18 - 5:26",
]
`;

exports[`testing rename for package.vhd in 4:14 - 4:22 true 1`] = `
[
  "1:9 - 1:17",
  "3:13 - 3:21",
  "4:14 - 4:22",
  "5:18 - 5:26",
]
`;

exports[`testing rename for package.vhd in 5:18 - 5:26 true 1`] = `
[
  "1:9 - 1:17",
  "3:13 - 3:21",
  "4:14 - 4:22",
  "5:18 - 5:26",
]
`;

exports[`testing rename for signal.vhd in 10:10 - 10:13 true 1`] = `
[
  "10:10 - 10:13",
  "13:3 - 13:6",
  "14:10 - 14:13",
]
`;

exports[`testing rename for signal.vhd in 13:3 - 13:6 true 1`] = `
[
  "10:10 - 10:13",
  "13:3 - 13:6",
  "14:10 - 14:13",
]
`;
