// Jest Snapshot v1, https://goo.gl/fbAQLP

exports[`Testing Port omission 1`] = `
[
  {
    "code": "0",
    "message": "Omitted ports where found: 'bar'. Please explicitly mark as unconnected by using open. (port-omission)",
    "range": {
      "end": {
        "character": 7,
        "line": 25,
      },
      "start": {
        "character": 2,
        "line": 22,
      },
    },
  },
  {
    "code": "1",
    "message": "Omitted ports where found: 'foo'. Please explicitly mark as unconnected by using open. (port-omission)",
    "range": {
      "end": {
        "character": 7,
        "line": 30,
      },
      "start": {
        "character": 2,
        "line": 27,
      },
    },
  },
  {
    "code": "2",
    "message": "Omitted ports where found: 'foo', 'bar'. Please explicitly mark as unconnected by using open. (port-omission)",
    "range": {
      "end": {
        "character": 28,
        "line": 32,
      },
      "start": {
        "character": 2,
        "line": 32,
      },
    },
  },
]
`;
