// Jest Snapshot v1, https://goo.gl/fbAQLP

exports[`grammar test on test_literals.vhd 1`] = `
[
  [
    {
      "endIndex": 7,
      "scopes": [
        "source.vhdl",
        "keyword.language.vhdl",
      ],
      "startIndex": 0,
      "text": "library",
    },
    {
      "endIndex": 14,
      "scopes": [
        "source.vhdl",
      ],
      "startIndex": 7,
      "text": " ieee;",
    },
  ],
  [
    {
      "endIndex": 3,
      "scopes": [
        "source.vhdl",
        "keyword.language.vhdl",
      ],
      "startIndex": 0,
      "text": "use",
    },
    {
      "endIndex": 24,
      "scopes": [
        "source.vhdl",
      ],
      "startIndex": 3,
      "text": " ieee.std_logic_1164.",
    },
    {
      "endIndex": 27,
      "scopes": [
        "source.vhdl",
        "keyword.language.vhdl",
      ],
      "startIndex": 24,
      "text": "all",
    },
    {
      "endIndex": 29,
      "scopes": [
        "source.vhdl",
      ],
      "startIndex": 27,
      "text": ";",
    },
  ],
  [
    {
      "endIndex": 6,
      "scopes": [
        "source.vhdl",
        "keyword.language.vhdl",
      ],
      "startIndex": 0,
      "text": "entity",
    },
    {
      "endIndex": 21,
      "scopes": [
        "source.vhdl",
      ],
      "startIndex": 6,
      "text": " test_literals ",
    },
    {
      "endIndex": 23,
      "scopes": [
        "source.vhdl",
        "keyword.language.vhdl",
      ],
      "startIndex": 21,
      "text": "is",
    },
  ],
  [
    {
      "endIndex": 1,
      "scopes": [
        "source.vhdl",
      ],
      "startIndex": 0,
      "text": "",
    },
  ],
  [
    {
      "endIndex": 3,
      "scopes": [
        "source.vhdl",
        "keyword.language.vhdl",
      ],
      "startIndex": 0,
      "text": "end",
    },
    {
      "endIndex": 4,
      "scopes": [
        "source.vhdl",
      ],
      "startIndex": 3,
      "text": " ",
    },
    {
      "endIndex": 10,
      "scopes": [
        "source.vhdl",
        "keyword.language.vhdl",
      ],
      "startIndex": 4,
      "text": "entity",
    },
    {
      "endIndex": 12,
      "scopes": [
        "source.vhdl",
      ],
      "startIndex": 10,
      "text": ";",
    },
  ],
  [
    {
      "endIndex": 12,
      "scopes": [
        "source.vhdl",
        "keyword.language.vhdl",
      ],
      "startIndex": 0,
      "text": "architecture",
    },
    {
      "endIndex": 18,
      "scopes": [
        "source.vhdl",
      ],
      "startIndex": 12,
      "text": " arch ",
    },
    {
      "endIndex": 20,
      "scopes": [
        "source.vhdl",
        "keyword.language.vhdl",
      ],
      "startIndex": 18,
      "text": "of",
    },
    {
      "endIndex": 35,
      "scopes": [
        "source.vhdl",
      ],
      "startIndex": 20,
      "text": " test_literals ",
    },
    {
      "endIndex": 37,
      "scopes": [
        "source.vhdl",
        "keyword.language.vhdl",
      ],
      "startIndex": 35,
      "text": "is",
    },
  ],
  [
    {
      "endIndex": 2,
      "scopes": [
        "source.vhdl",
      ],
      "startIndex": 0,
      "text": "  ",
    },
    {
      "endIndex": 8,
      "scopes": [
        "source.vhdl",
        "keyword.language.vhdl",
      ],
      "startIndex": 2,
      "text": "signal",
    },
    {
      "endIndex": 31,
      "scopes": [
        "source.vhdl",
      ],
      "startIndex": 8,
      "text": " b : std_ulogic        ",
    },
    {
      "endIndex": 33,
      "scopes": [
        "source.vhdl",
        "keyword.operator",
      ],
      "startIndex": 31,
      "text": ":=",
    },
    {
      "endIndex": 34,
      "scopes": [
        "source.vhdl",
      ],
      "startIndex": 33,
      "text": " ",
    },
    {
      "endIndex": 35,
      "scopes": [
        "source.vhdl",
        "constant.numeric.vhdl",
      ],
      "startIndex": 34,
      "text": "5",
    },
    {
      "endIndex": 37,
      "scopes": [
        "source.vhdl",
      ],
      "startIndex": 35,
      "text": ";",
    },
  ],
  [
    {
      "endIndex": 2,
      "scopes": [
        "source.vhdl",
      ],
      "startIndex": 0,
      "text": "  ",
    },
    {
      "endIndex": 8,
      "scopes": [
        "source.vhdl",
        "keyword.language.vhdl",
      ],
      "startIndex": 2,
      "text": "signal",
    },
    {
      "endIndex": 31,
      "scopes": [
        "source.vhdl",
      ],
      "startIndex": 8,
      "text": " c : std_ulogic_vector ",
    },
    {
      "endIndex": 33,
      "scopes": [
        "source.vhdl",
        "keyword.operator",
      ],
      "startIndex": 31,
      "text": ":=",
    },
    {
      "endIndex": 34,
      "scopes": [
        "source.vhdl",
      ],
      "startIndex": 33,
      "text": " ",
    },
    {
      "endIndex": 45,
      "scopes": [
        "source.vhdl",
        "constant.numeric.vhdl",
      ],
      "startIndex": 34,
      "text": "x"deadbeef"",
    },
    {
      "endIndex": 47,
      "scopes": [
        "source.vhdl",
      ],
      "startIndex": 45,
      "text": ";",
    },
  ],
  [
    {
      "endIndex": 2,
      "scopes": [
        "source.vhdl",
      ],
      "startIndex": 0,
      "text": "  ",
    },
    {
      "endIndex": 8,
      "scopes": [
        "source.vhdl",
        "keyword.language.vhdl",
      ],
      "startIndex": 2,
      "text": "signal",
    },
    {
      "endIndex": 31,
      "scopes": [
        "source.vhdl",
      ],
      "startIndex": 8,
      "text": " d : std_ulogic_vector ",
    },
    {
      "endIndex": 33,
      "scopes": [
        "source.vhdl",
        "keyword.operator",
      ],
      "startIndex": 31,
      "text": ":=",
    },
    {
      "endIndex": 34,
      "scopes": [
        "source.vhdl",
      ],
      "startIndex": 33,
      "text": " ",
    },
    {
      "endIndex": 44,
      "scopes": [
        "source.vhdl",
        "constant.numeric.vhdl",
      ],
      "startIndex": 34,
      "text": ""01010101"",
    },
    {
      "endIndex": 46,
      "scopes": [
        "source.vhdl",
      ],
      "startIndex": 44,
      "text": ";",
    },
  ],
  [
    {
      "endIndex": 2,
      "scopes": [
        "source.vhdl",
      ],
      "startIndex": 0,
      "text": "  ",
    },
    {
      "endIndex": 8,
      "scopes": [
        "source.vhdl",
        "keyword.language.vhdl",
      ],
      "startIndex": 2,
      "text": "signal",
    },
    {
      "endIndex": 31,
      "scopes": [
        "source.vhdl",
      ],
      "startIndex": 8,
      "text": " e : string            ",
    },
    {
      "endIndex": 33,
      "scopes": [
        "source.vhdl",
        "keyword.operator",
      ],
      "startIndex": 31,
      "text": ":=",
    },
    {
      "endIndex": 34,
      "scopes": [
        "source.vhdl",
      ],
      "startIndex": 33,
      "text": " ",
    },
    {
      "endIndex": 48,
      "scopes": [
        "source.vhdl",
        "string.quoted.double",
      ],
      "startIndex": 34,
      "text": ""hello world!"",
    },
    {
      "endIndex": 50,
      "scopes": [
        "source.vhdl",
      ],
      "startIndex": 48,
      "text": ";",
    },
  ],
  [
    {
      "endIndex": 2,
      "scopes": [
        "source.vhdl",
      ],
      "startIndex": 0,
      "text": "  ",
    },
    {
      "endIndex": 8,
      "scopes": [
        "source.vhdl",
        "keyword.language.vhdl",
      ],
      "startIndex": 2,
      "text": "signal",
    },
    {
      "endIndex": 28,
      "scopes": [
        "source.vhdl",
      ],
      "startIndex": 8,
      "text": " f : integer_vector ",
    },
    {
      "endIndex": 30,
      "scopes": [
        "source.vhdl",
        "keyword.operator",
      ],
      "startIndex": 28,
      "text": ":=",
    },
    {
      "endIndex": 31,
      "scopes": [
        "source.vhdl",
      ],
      "startIndex": 30,
      "text": " ",
    },
    {
      "endIndex": 32,
      "scopes": [
        "source.vhdl",
        "keyword.operator",
      ],
      "startIndex": 31,
      "text": "(",
    },
  ],
  [
    {
      "endIndex": 4,
      "scopes": [
        "source.vhdl",
      ],
      "startIndex": 0,
      "text": "    ",
    },
    {
      "endIndex": 11,
      "scopes": [
        "source.vhdl",
        "constant.numeric.vhdl",
      ],
      "startIndex": 4,
      "text": "123_456",
    },
    {
      "endIndex": 12,
      "scopes": [
        "source.vhdl",
        "keyword.operator",
      ],
      "startIndex": 11,
      "text": ",",
    },
  ],
  [
    {
      "endIndex": 4,
      "scopes": [
        "source.vhdl",
      ],
      "startIndex": 0,
      "text": "    ",
    },
    {
      "endIndex": 7,
      "scopes": [
        "source.vhdl",
        "constant.numeric.vhdl",
      ],
      "startIndex": 4,
      "text": "1e6",
    },
    {
      "endIndex": 8,
      "scopes": [
        "source.vhdl",
        "keyword.operator",
      ],
      "startIndex": 7,
      "text": ",",
    },
  ],
  [
    {
      "endIndex": 4,
      "scopes": [
        "source.vhdl",
      ],
      "startIndex": 0,
      "text": "    ",
    },
    {
      "endIndex": 16,
      "scopes": [
        "source.vhdl",
        "constant.numeric.vhdl",
      ],
      "startIndex": 4,
      "text": "2#1111_1111#",
    },
    {
      "endIndex": 17,
      "scopes": [
        "source.vhdl",
        "keyword.operator",
      ],
      "startIndex": 16,
      "text": ",",
    },
  ],
  [
    {
      "endIndex": 4,
      "scopes": [
        "source.vhdl",
      ],
      "startIndex": 0,
      "text": "    ",
    },
    {
      "endIndex": 10,
      "scopes": [
        "source.vhdl",
        "constant.numeric.vhdl",
      ],
      "startIndex": 4,
      "text": "16#ff#",
    },
    {
      "endIndex": 11,
      "scopes": [
        "source.vhdl",
        "keyword.operator",
      ],
      "startIndex": 10,
      "text": ",",
    },
  ],
  [
    {
      "endIndex": 4,
      "scopes": [
        "source.vhdl",
      ],
      "startIndex": 0,
      "text": "    ",
    },
    {
      "endIndex": 11,
      "scopes": [
        "source.vhdl",
        "constant.numeric.vhdl",
      ],
      "startIndex": 4,
      "text": "16#e#e1",
    },
  ],
  [
    {
      "endIndex": 4,
      "scopes": [
        "source.vhdl",
      ],
      "startIndex": 0,
      "text": "    ",
    },
    {
      "endIndex": 5,
      "scopes": [
        "source.vhdl",
        "keyword.operator",
      ],
      "startIndex": 4,
      "text": ")",
    },
    {
      "endIndex": 7,
      "scopes": [
        "source.vhdl",
      ],
      "startIndex": 5,
      "text": ";",
    },
  ],
  [
    {
      "endIndex": 2,
      "scopes": [
        "source.vhdl",
      ],
      "startIndex": 0,
      "text": "  ",
    },
    {
      "endIndex": 8,
      "scopes": [
        "source.vhdl",
        "keyword.language.vhdl",
      ],
      "startIndex": 2,
      "text": "signal",
    },
    {
      "endIndex": 25,
      "scopes": [
        "source.vhdl",
      ],
      "startIndex": 8,
      "text": " g : real_vector ",
    },
    {
      "endIndex": 27,
      "scopes": [
        "source.vhdl",
        "keyword.operator",
      ],
      "startIndex": 25,
      "text": ":=",
    },
    {
      "endIndex": 28,
      "scopes": [
        "source.vhdl",
      ],
      "startIndex": 27,
      "text": " ",
    },
    {
      "endIndex": 29,
      "scopes": [
        "source.vhdl",
        "keyword.operator",
      ],
      "startIndex": 28,
      "text": "(",
    },
  ],
  [
    {
      "endIndex": 4,
      "scopes": [
        "source.vhdl",
      ],
      "startIndex": 0,
      "text": "    ",
    },
    {
      "endIndex": 8,
      "scopes": [
        "source.vhdl",
        "constant.numeric.vhdl",
      ],
      "startIndex": 4,
      "text": "12.0",
    },
    {
      "endIndex": 9,
      "scopes": [
        "source.vhdl",
        "keyword.operator",
      ],
      "startIndex": 8,
      "text": ",",
    },
    {
      "endIndex": 10,
      "scopes": [
        "source.vhdl",
      ],
      "startIndex": 9,
      "text": " ",
    },
    {
      "endIndex": 13,
      "scopes": [
        "source.vhdl",
        "constant.numeric.vhdl",
      ],
      "startIndex": 10,
      "text": "0.0",
    },
    {
      "endIndex": 14,
      "scopes": [
        "source.vhdl",
        "keyword.operator",
      ],
      "startIndex": 13,
      "text": ",",
    },
    {
      "endIndex": 15,
      "scopes": [
        "source.vhdl",
      ],
      "startIndex": 14,
      "text": " ",
    },
    {
      "endIndex": 20,
      "scopes": [
        "source.vhdl",
        "constant.numeric.vhdl",
      ],
      "startIndex": 15,
      "text": "0.456",
    },
    {
      "endIndex": 21,
      "scopes": [
        "source.vhdl",
        "keyword.operator",
      ],
      "startIndex": 20,
      "text": ",",
    },
    {
      "endIndex": 22,
      "scopes": [
        "source.vhdl",
      ],
      "startIndex": 21,
      "text": " ",
    },
    {
      "endIndex": 32,
      "scopes": [
        "source.vhdl",
        "constant.numeric.vhdl",
      ],
      "startIndex": 22,
      "text": "3.14159_26",
    },
    {
      "endIndex": 33,
      "scopes": [
        "source.vhdl",
        "keyword.operator",
      ],
      "startIndex": 32,
      "text": ",",
    },
  ],
  [
    {
      "endIndex": 4,
      "scopes": [
        "source.vhdl",
      ],
      "startIndex": 0,
      "text": "    ",
    },
    {
      "endIndex": 12,
      "scopes": [
        "source.vhdl",
        "constant.numeric.vhdl",
      ],
      "startIndex": 4,
      "text": "1.34e-12",
    },
    {
      "endIndex": 13,
      "scopes": [
        "source.vhdl",
        "keyword.operator",
      ],
      "startIndex": 12,
      "text": ",",
    },
    {
      "endIndex": 14,
      "scopes": [
        "source.vhdl",
      ],
      "startIndex": 13,
      "text": " ",
    },
    {
      "endIndex": 20,
      "scopes": [
        "source.vhdl",
        "constant.numeric.vhdl",
      ],
      "startIndex": 14,
      "text": "1.0e+6",
    },
    {
      "endIndex": 21,
      "scopes": [
        "source.vhdl",
        "keyword.operator",
      ],
      "startIndex": 20,
      "text": ",",
    },
    {
      "endIndex": 22,
      "scopes": [
        "source.vhdl",
      ],
      "startIndex": 21,
      "text": " ",
    },
    {
      "endIndex": 31,
      "scopes": [
        "source.vhdl",
        "constant.numeric.vhdl",
      ],
      "startIndex": 22,
      "text": "6.023e+24",
    },
    {
      "endIndex": 32,
      "scopes": [
        "source.vhdl",
        "keyword.operator",
      ],
      "startIndex": 31,
      "text": ",",
    },
  ],
  [
    {
      "endIndex": 4,
      "scopes": [
        "source.vhdl",
      ],
      "startIndex": 0,
      "text": "    ",
    },
    {
      "endIndex": 15,
      "scopes": [
        "source.vhdl",
        "constant.numeric.vhdl",
      ],
      "startIndex": 4,
      "text": "16#f.ff#e+2",
    },
  ],
  [
    {
      "endIndex": 4,
      "scopes": [
        "source.vhdl",
      ],
      "startIndex": 0,
      "text": "    ",
    },
    {
      "endIndex": 5,
      "scopes": [
        "source.vhdl",
        "keyword.operator",
      ],
      "startIndex": 4,
      "text": ")",
    },
    {
      "endIndex": 7,
      "scopes": [
        "source.vhdl",
      ],
      "startIndex": 5,
      "text": ";",
    },
  ],
  [
    {
      "endIndex": 2,
      "scopes": [
        "source.vhdl",
      ],
      "startIndex": 0,
      "text": "  ",
    },
    {
      "endIndex": 4,
      "scopes": [
        "source.vhdl",
        "comment.block",
      ],
      "startIndex": 2,
      "text": "/*",
    },
    {
      "endIndex": 11,
      "scopes": [
        "source.vhdl",
        "comment.block",
      ],
      "startIndex": 4,
      "text": " multi",
    },
  ],
  [
    {
      "endIndex": 7,
      "scopes": [
        "source.vhdl",
        "comment.block",
      ],
      "startIndex": 0,
      "text": "  line",
    },
  ],
  [
    {
      "endIndex": 10,
      "scopes": [
        "source.vhdl",
        "comment.block",
      ],
      "startIndex": 0,
      "text": "  comment ",
    },
    {
      "endIndex": 12,
      "scopes": [
        "source.vhdl",
        "comment.block",
      ],
      "startIndex": 10,
      "text": "*/",
    },
  ],
  [
    {
      "endIndex": 2,
      "scopes": [
        "source.vhdl",
      ],
      "startIndex": 0,
      "text": "  ",
    },
    {
      "endIndex": 8,
      "scopes": [
        "source.vhdl",
        "keyword.language.vhdl",
      ],
      "startIndex": 2,
      "text": "signal",
    },
    {
      "endIndex": 31,
      "scopes": [
        "source.vhdl",
      ],
      "startIndex": 8,
      "text": " h : std_ulogic_vector ",
    },
    {
      "endIndex": 33,
      "scopes": [
        "source.vhdl",
        "keyword.operator",
      ],
      "startIndex": 31,
      "text": ":=",
    },
    {
      "endIndex": 34,
      "scopes": [
        "source.vhdl",
      ],
      "startIndex": 33,
      "text": " ",
    },
    {
      "endIndex": 35,
      "scopes": [
        "source.vhdl",
        "keyword.operator",
      ],
      "startIndex": 34,
      "text": "(",
    },
    {
      "endIndex": 42,
      "scopes": [
        "source.vhdl",
        "constant.numeric.vhdl",
      ],
      "startIndex": 35,
      "text": "64x"00"",
    },
    {
      "endIndex": 43,
      "scopes": [
        "source.vhdl",
        "keyword.operator",
      ],
      "startIndex": 42,
      "text": ")",
    },
    {
      "endIndex": 46,
      "scopes": [
        "source.vhdl",
      ],
      "startIndex": 43,
      "text": ";  ",
    },
    {
      "endIndex": 61,
      "scopes": [
        "source.vhdl",
        "comment.line.double-dash.vhdl",
      ],
      "startIndex": 46,
      "text": "-- fixed length",
    },
  ],
  [
    {
      "endIndex": 2,
      "scopes": [
        "source.vhdl",
      ],
      "startIndex": 0,
      "text": "  ",
    },
    {
      "endIndex": 8,
      "scopes": [
        "source.vhdl",
        "keyword.language.vhdl",
      ],
      "startIndex": 2,
      "text": "signal",
    },
    {
      "endIndex": 31,
      "scopes": [
        "source.vhdl",
      ],
      "startIndex": 8,
      "text": " i : std_ulogic_vector ",
    },
    {
      "endIndex": 33,
      "scopes": [
        "source.vhdl",
        "keyword.operator",
      ],
      "startIndex": 31,
      "text": ":=",
    },
    {
      "endIndex": 34,
      "scopes": [
        "source.vhdl",
      ],
      "startIndex": 33,
      "text": " ",
    },
    {
      "endIndex": 35,
      "scopes": [
        "source.vhdl",
        "keyword.operator",
      ],
      "startIndex": 34,
      "text": "(",
    },
    {
      "endIndex": 37,
      "scopes": [
        "source.vhdl",
        "constant.numeric.vhdl",
      ],
      "startIndex": 35,
      "text": "64",
    },
    {
      "endIndex": 41,
      "scopes": [
        "source.vhdl",
        "constant.numeric.vhdl",
      ],
      "startIndex": 37,
      "text": ""00"",
    },
    {
      "endIndex": 42,
      "scopes": [
        "source.vhdl",
        "keyword.operator",
      ],
      "startIndex": 41,
      "text": ")",
    },
    {
      "endIndex": 46,
      "scopes": [
        "source.vhdl",
      ],
      "startIndex": 42,
      "text": ";   ",
    },
    {
      "endIndex": 61,
      "scopes": [
        "source.vhdl",
        "comment.line.double-dash.vhdl",
      ],
      "startIndex": 46,
      "text": "-- fixed length",
    },
  ],
  [
    {
      "endIndex": 5,
      "scopes": [
        "source.vhdl",
        "keyword.language.vhdl",
      ],
      "startIndex": 0,
      "text": "begin",
    },
  ],
  [
    {
      "endIndex": 1,
      "scopes": [
        "source.vhdl",
      ],
      "startIndex": 0,
      "text": "",
    },
  ],
  [
    {
      "endIndex": 3,
      "scopes": [
        "source.vhdl",
        "keyword.language.vhdl",
      ],
      "startIndex": 0,
      "text": "end",
    },
    {
      "endIndex": 4,
      "scopes": [
        "source.vhdl",
      ],
      "startIndex": 3,
      "text": " ",
    },
    {
      "endIndex": 16,
      "scopes": [
        "source.vhdl",
        "keyword.language.vhdl",
      ],
      "startIndex": 4,
      "text": "architecture",
    },
    {
      "endIndex": 18,
      "scopes": [
        "source.vhdl",
      ],
      "startIndex": 16,
      "text": ";",
    },
  ],
  [
    {
      "endIndex": 1,
      "scopes": [
        "source.vhdl",
      ],
      "startIndex": 0,
      "text": "",
    },
  ],
]
`;

exports[`grammar test on test_protected.vhd 1`] = `
[
  [
    {
      "endIndex": 7,
      "scopes": [
        "source.vhdl",
        "keyword.language.vhdl",
      ],
      "startIndex": 0,
      "text": "library",
    },
    {
      "endIndex": 14,
      "scopes": [
        "source.vhdl",
      ],
      "startIndex": 7,
      "text": " ieee;",
    },
  ],
  [
    {
      "endIndex": 3,
      "scopes": [
        "source.vhdl",
        "keyword.language.vhdl",
      ],
      "startIndex": 0,
      "text": "use",
    },
    {
      "endIndex": 24,
      "scopes": [
        "source.vhdl",
      ],
      "startIndex": 3,
      "text": " ieee.std_logic_1164.",
    },
    {
      "endIndex": 27,
      "scopes": [
        "source.vhdl",
        "keyword.language.vhdl",
      ],
      "startIndex": 24,
      "text": "all",
    },
    {
      "endIndex": 29,
      "scopes": [
        "source.vhdl",
      ],
      "startIndex": 27,
      "text": ";",
    },
  ],
  [
    {
      "endIndex": 3,
      "scopes": [
        "source.vhdl",
        "keyword.language.vhdl",
      ],
      "startIndex": 0,
      "text": "use",
    },
    {
      "endIndex": 21,
      "scopes": [
        "source.vhdl",
      ],
      "startIndex": 3,
      "text": " ieee.numeric_std.",
    },
    {
      "endIndex": 24,
      "scopes": [
        "source.vhdl",
        "keyword.language.vhdl",
      ],
      "startIndex": 21,
      "text": "all",
    },
    {
      "endIndex": 26,
      "scopes": [
        "source.vhdl",
      ],
      "startIndex": 24,
      "text": ";",
    },
  ],
  [
    {
      "endIndex": 1,
      "scopes": [
        "source.vhdl",
      ],
      "startIndex": 0,
      "text": "",
    },
  ],
  [
    {
      "endIndex": 7,
      "scopes": [
        "source.vhdl",
        "keyword.language.vhdl",
      ],
      "startIndex": 0,
      "text": "package",
    },
    {
      "endIndex": 12,
      "scopes": [
        "source.vhdl",
      ],
      "startIndex": 7,
      "text": " pkg ",
    },
    {
      "endIndex": 14,
      "scopes": [
        "source.vhdl",
        "keyword.language.vhdl",
      ],
      "startIndex": 12,
      "text": "is",
    },
  ],
  [
    {
      "endIndex": 2,
      "scopes": [
        "source.vhdl",
      ],
      "startIndex": 0,
      "text": "  ",
    },
    {
      "endIndex": 6,
      "scopes": [
        "source.vhdl",
        "keyword.language.vhdl",
      ],
      "startIndex": 2,
      "text": "type",
    },
    {
      "endIndex": 21,
      "scopes": [
        "source.vhdl",
      ],
      "startIndex": 6,
      "text": " crccalculator ",
    },
    {
      "endIndex": 23,
      "scopes": [
        "source.vhdl",
        "keyword.language.vhdl",
      ],
      "startIndex": 21,
      "text": "is",
    },
    {
      "endIndex": 24,
      "scopes": [
        "source.vhdl",
      ],
      "startIndex": 23,
      "text": " ",
    },
    {
      "endIndex": 33,
      "scopes": [
        "source.vhdl",
        "keyword.language.vhdl",
      ],
      "startIndex": 24,
      "text": "protected",
    },
  ],
  [
    {
      "endIndex": 4,
      "scopes": [
        "source.vhdl",
      ],
      "startIndex": 0,
      "text": "    ",
    },
    {
      "endIndex": 13,
      "scopes": [
        "source.vhdl",
        "keyword.language.vhdl",
      ],
      "startIndex": 4,
      "text": "procedure",
    },
    {
      "endIndex": 20,
      "scopes": [
        "source.vhdl",
      ],
      "startIndex": 13,
      "text": " init;",
    },
  ],
  [
    {
      "endIndex": 4,
      "scopes": [
        "source.vhdl",
      ],
      "startIndex": 0,
      "text": "    ",
    },
    {
      "endIndex": 13,
      "scopes": [
        "source.vhdl",
        "keyword.language.vhdl",
      ],
      "startIndex": 4,
      "text": "procedure",
    },
    {
      "endIndex": 19,
      "scopes": [
        "source.vhdl",
      ],
      "startIndex": 13,
      "text": " input",
    },
    {
      "endIndex": 20,
      "scopes": [
        "source.vhdl",
        "keyword.operator",
      ],
      "startIndex": 19,
      "text": "(",
    },
    {
      "endIndex": 43,
      "scopes": [
        "source.vhdl",
      ],
      "startIndex": 20,
      "text": "data: std_ulogic_vector",
    },
    {
      "endIndex": 44,
      "scopes": [
        "source.vhdl",
        "keyword.operator",
      ],
      "startIndex": 43,
      "text": ")",
    },
    {
      "endIndex": 46,
      "scopes": [
        "source.vhdl",
      ],
      "startIndex": 44,
      "text": ";",
    },
  ],
  [
    {
      "endIndex": 4,
      "scopes": [
        "source.vhdl",
      ],
      "startIndex": 0,
      "text": "    ",
    },
    {
      "endIndex": 10,
      "scopes": [
        "source.vhdl",
        "keyword.language.vhdl",
      ],
      "startIndex": 4,
      "text": "impure",
    },
    {
      "endIndex": 11,
      "scopes": [
        "source.vhdl",
      ],
      "startIndex": 10,
      "text": " ",
    },
    {
      "endIndex": 19,
      "scopes": [
        "source.vhdl",
        "keyword.language.vhdl",
      ],
      "startIndex": 11,
      "text": "function",
    },
    {
      "endIndex": 27,
      "scopes": [
        "source.vhdl",
      ],
      "startIndex": 19,
      "text": " getcrc ",
    },
    {
      "endIndex": 33,
      "scopes": [
        "source.vhdl",
        "keyword.language.vhdl",
      ],
      "startIndex": 27,
      "text": "return",
    },
    {
      "endIndex": 53,
      "scopes": [
        "source.vhdl",
      ],
      "startIndex": 33,
      "text": " std_ulogic_vector;",
    },
  ],
  [
    {
      "endIndex": 2,
      "scopes": [
        "source.vhdl",
      ],
      "startIndex": 0,
      "text": "  ",
    },
    {
      "endIndex": 5,
      "scopes": [
        "source.vhdl",
        "keyword.language.vhdl",
      ],
      "startIndex": 2,
      "text": "end",
    },
    {
      "endIndex": 6,
      "scopes": [
        "source.vhdl",
      ],
      "startIndex": 5,
      "text": " ",
    },
    {
      "endIndex": 15,
      "scopes": [
        "source.vhdl",
        "keyword.language.vhdl",
      ],
      "startIndex": 6,
      "text": "protected",
    },
    {
      "endIndex": 17,
      "scopes": [
        "source.vhdl",
      ],
      "startIndex": 15,
      "text": ";",
    },
  ],
  [
    {
      "endIndex": 3,
      "scopes": [
        "source.vhdl",
        "keyword.language.vhdl",
      ],
      "startIndex": 0,
      "text": "end",
    },
    {
      "endIndex": 4,
      "scopes": [
        "source.vhdl",
      ],
      "startIndex": 3,
      "text": " ",
    },
    {
      "endIndex": 11,
      "scopes": [
        "source.vhdl",
        "keyword.language.vhdl",
      ],
      "startIndex": 4,
      "text": "package",
    },
    {
      "endIndex": 13,
      "scopes": [
        "source.vhdl",
      ],
      "startIndex": 11,
      "text": "; ",
    },
    {
      "endIndex": 28,
      "scopes": [
        "source.vhdl",
        "comment.line.double-dash.vhdl",
      ],
      "startIndex": 13,
      "text": "-- test comment",
    },
  ],
  [
    {
      "endIndex": 1,
      "scopes": [
        "source.vhdl",
      ],
      "startIndex": 0,
      "text": "",
    },
  ],
  [
    {
      "endIndex": 7,
      "scopes": [
        "source.vhdl",
        "keyword.language.vhdl",
      ],
      "startIndex": 0,
      "text": "package",
    },
    {
      "endIndex": 8,
      "scopes": [
        "source.vhdl",
      ],
      "startIndex": 7,
      "text": " ",
    },
    {
      "endIndex": 12,
      "scopes": [
        "source.vhdl",
        "keyword.language.vhdl",
      ],
      "startIndex": 8,
      "text": "body",
    },
    {
      "endIndex": 17,
      "scopes": [
        "source.vhdl",
      ],
      "startIndex": 12,
      "text": " pkg ",
    },
    {
      "endIndex": 19,
      "scopes": [
        "source.vhdl",
        "keyword.language.vhdl",
      ],
      "startIndex": 17,
      "text": "is",
    },
  ],
  [
    {
      "endIndex": 2,
      "scopes": [
        "source.vhdl",
      ],
      "startIndex": 0,
      "text": "  ",
    },
    {
      "endIndex": 10,
      "scopes": [
        "source.vhdl",
        "keyword.language.vhdl",
      ],
      "startIndex": 2,
      "text": "constant",
    },
    {
      "endIndex": 38,
      "scopes": [
        "source.vhdl",
      ],
      "startIndex": 10,
      "text": " c_crcpol: std_ulogic_vector",
    },
    {
      "endIndex": 39,
      "scopes": [
        "source.vhdl",
        "keyword.operator",
      ],
      "startIndex": 38,
      "text": "(",
    },
    {
      "endIndex": 41,
      "scopes": [
        "source.vhdl",
        "constant.numeric.vhdl",
      ],
      "startIndex": 39,
      "text": "31",
    },
    {
      "endIndex": 42,
      "scopes": [
        "source.vhdl",
      ],
      "startIndex": 41,
      "text": " ",
    },
    {
      "endIndex": 48,
      "scopes": [
        "source.vhdl",
        "keyword.language.vhdl",
      ],
      "startIndex": 42,
      "text": "downto",
    },
    {
      "endIndex": 49,
      "scopes": [
        "source.vhdl",
      ],
      "startIndex": 48,
      "text": " ",
    },
    {
      "endIndex": 50,
      "scopes": [
        "source.vhdl",
        "constant.numeric.vhdl",
      ],
      "startIndex": 49,
      "text": "0",
    },
    {
      "endIndex": 51,
      "scopes": [
        "source.vhdl",
        "keyword.operator",
      ],
      "startIndex": 50,
      "text": ")",
    },
    {
      "endIndex": 52,
      "scopes": [
        "source.vhdl",
      ],
      "startIndex": 51,
      "text": " ",
    },
    {
      "endIndex": 54,
      "scopes": [
        "source.vhdl",
        "keyword.operator",
      ],
      "startIndex": 52,
      "text": ":=",
    },
    {
      "endIndex": 55,
      "scopes": [
        "source.vhdl",
      ],
      "startIndex": 54,
      "text": " ",
    },
    {
      "endIndex": 66,
      "scopes": [
        "source.vhdl",
        "constant.numeric.vhdl",
      ],
      "startIndex": 55,
      "text": "x"04c11db7"",
    },
    {
      "endIndex": 68,
      "scopes": [
        "source.vhdl",
      ],
      "startIndex": 66,
      "text": ";",
    },
  ],
  [
    {
      "endIndex": 1,
      "scopes": [
        "source.vhdl",
      ],
      "startIndex": 0,
      "text": "",
    },
  ],
  [
    {
      "endIndex": 2,
      "scopes": [
        "source.vhdl",
      ],
      "startIndex": 0,
      "text": "  ",
    },
    {
      "endIndex": 10,
      "scopes": [
        "source.vhdl",
        "keyword.language.vhdl",
      ],
      "startIndex": 2,
      "text": "function",
    },
    {
      "endIndex": 18,
      "scopes": [
        "source.vhdl",
      ],
      "startIndex": 10,
      "text": " reflect",
    },
    {
      "endIndex": 19,
      "scopes": [
        "source.vhdl",
        "keyword.operator",
      ],
      "startIndex": 18,
      "text": "(",
    },
    {
      "endIndex": 43,
      "scopes": [
        "source.vhdl",
      ],
      "startIndex": 19,
      "text": "input: std_ulogic_vector",
    },
    {
      "endIndex": 44,
      "scopes": [
        "source.vhdl",
        "keyword.operator",
      ],
      "startIndex": 43,
      "text": ")",
    },
    {
      "endIndex": 45,
      "scopes": [
        "source.vhdl",
      ],
      "startIndex": 44,
      "text": " ",
    },
    {
      "endIndex": 51,
      "scopes": [
        "source.vhdl",
        "keyword.language.vhdl",
      ],
      "startIndex": 45,
      "text": "return",
    },
    {
      "endIndex": 70,
      "scopes": [
        "source.vhdl",
      ],
      "startIndex": 51,
      "text": " std_ulogic_vector ",
    },
    {
      "endIndex": 72,
      "scopes": [
        "source.vhdl",
        "keyword.language.vhdl",
      ],
      "startIndex": 70,
      "text": "is",
    },
  ],
  [
    {
      "endIndex": 4,
      "scopes": [
        "source.vhdl",
      ],
      "startIndex": 0,
      "text": "    ",
    },
    {
      "endIndex": 12,
      "scopes": [
        "source.vhdl",
        "keyword.language.vhdl",
      ],
      "startIndex": 4,
      "text": "variable",
    },
    {
      "endIndex": 38,
      "scopes": [
        "source.vhdl",
      ],
      "startIndex": 12,
      "text": " result: std_ulogic_vector",
    },
    {
      "endIndex": 39,
      "scopes": [
        "source.vhdl",
        "keyword.operator",
      ],
      "startIndex": 38,
      "text": "(",
    },
    {
      "endIndex": 44,
      "scopes": [
        "source.vhdl",
      ],
      "startIndex": 39,
      "text": "input",
    },
    {
      "endIndex": 45,
      "scopes": [
        "source.vhdl",
        "keyword.operator",
      ],
      "startIndex": 44,
      "text": "'",
    },
    {
      "endIndex": 50,
      "scopes": [
        "source.vhdl",
        "keyword.language.vhdl",
      ],
      "startIndex": 45,
      "text": "range",
    },
    {
      "endIndex": 51,
      "scopes": [
        "source.vhdl",
        "keyword.operator",
      ],
      "startIndex": 50,
      "text": ")",
    },
    {
      "endIndex": 53,
      "scopes": [
        "source.vhdl",
      ],
      "startIndex": 51,
      "text": ";",
    },
  ],
  [
    {
      "endIndex": 2,
      "scopes": [
        "source.vhdl",
      ],
      "startIndex": 0,
      "text": "  ",
    },
    {
      "endIndex": 7,
      "scopes": [
        "source.vhdl",
        "keyword.language.vhdl",
      ],
      "startIndex": 2,
      "text": "begin",
    },
  ],
  [
    {
      "endIndex": 4,
      "scopes": [
        "source.vhdl",
      ],
      "startIndex": 0,
      "text": "    ",
    },
    {
      "endIndex": 7,
      "scopes": [
        "source.vhdl",
        "keyword.language.vhdl",
      ],
      "startIndex": 4,
      "text": "for",
    },
    {
      "endIndex": 10,
      "scopes": [
        "source.vhdl",
      ],
      "startIndex": 7,
      "text": " i ",
    },
    {
      "endIndex": 12,
      "scopes": [
        "source.vhdl",
        "keyword.language.vhdl",
      ],
      "startIndex": 10,
      "text": "in",
    },
    {
      "endIndex": 18,
      "scopes": [
        "source.vhdl",
      ],
      "startIndex": 12,
      "text": " input",
    },
    {
      "endIndex": 19,
      "scopes": [
        "source.vhdl",
        "keyword.operator",
      ],
      "startIndex": 18,
      "text": "'",
    },
    {
      "endIndex": 24,
      "scopes": [
        "source.vhdl",
        "keyword.language.vhdl",
      ],
      "startIndex": 19,
      "text": "range",
    },
    {
      "endIndex": 25,
      "scopes": [
        "source.vhdl",
      ],
      "startIndex": 24,
      "text": " ",
    },
    {
      "endIndex": 29,
      "scopes": [
        "source.vhdl",
        "keyword.language.vhdl",
      ],
      "startIndex": 25,
      "text": "loop",
    },
  ],
  [
    {
      "endIndex": 12,
      "scopes": [
        "source.vhdl",
      ],
      "startIndex": 0,
      "text": "      result",
    },
    {
      "endIndex": 13,
      "scopes": [
        "source.vhdl",
        "keyword.operator",
      ],
      "startIndex": 12,
      "text": "(",
    },
    {
      "endIndex": 14,
      "scopes": [
        "source.vhdl",
      ],
      "startIndex": 13,
      "text": "i",
    },
    {
      "endIndex": 15,
      "scopes": [
        "source.vhdl",
        "keyword.operator",
      ],
      "startIndex": 14,
      "text": ")",
    },
    {
      "endIndex": 16,
      "scopes": [
        "source.vhdl",
      ],
      "startIndex": 15,
      "text": " ",
    },
    {
      "endIndex": 18,
      "scopes": [
        "source.vhdl",
        "keyword.operator",
      ],
      "startIndex": 16,
      "text": ":=",
    },
    {
      "endIndex": 24,
      "scopes": [
        "source.vhdl",
      ],
      "startIndex": 18,
      "text": " input",
    },
    {
      "endIndex": 25,
      "scopes": [
        "source.vhdl",
        "keyword.operator",
      ],
      "startIndex": 24,
      "text": "(",
    },
    {
      "endIndex": 30,
      "scopes": [
        "source.vhdl",
      ],
      "startIndex": 25,
      "text": "input",
    },
    {
      "endIndex": 31,
      "scopes": [
        "source.vhdl",
        "keyword.operator",
      ],
      "startIndex": 30,
      "text": "'",
    },
    {
      "endIndex": 36,
      "scopes": [
        "source.vhdl",
      ],
      "startIndex": 31,
      "text": "high ",
    },
    {
      "endIndex": 37,
      "scopes": [
        "source.vhdl",
        "keyword.operator",
      ],
      "startIndex": 36,
      "text": "-",
    },
    {
      "endIndex": 39,
      "scopes": [
        "source.vhdl",
      ],
      "startIndex": 37,
      "text": " i",
    },
    {
      "endIndex": 40,
      "scopes": [
        "source.vhdl",
        "keyword.operator",
      ],
      "startIndex": 39,
      "text": ")",
    },
    {
      "endIndex": 42,
      "scopes": [
        "source.vhdl",
      ],
      "startIndex": 40,
      "text": ";",
    },
  ],
  [
    {
      "endIndex": 4,
      "scopes": [
        "source.vhdl",
      ],
      "startIndex": 0,
      "text": "    ",
    },
    {
      "endIndex": 7,
      "scopes": [
        "source.vhdl",
        "keyword.language.vhdl",
      ],
      "startIndex": 4,
      "text": "end",
    },
    {
      "endIndex": 8,
      "scopes": [
        "source.vhdl",
      ],
      "startIndex": 7,
      "text": " ",
    },
    {
      "endIndex": 12,
      "scopes": [
        "source.vhdl",
        "keyword.language.vhdl",
      ],
      "startIndex": 8,
      "text": "loop",
    },
    {
      "endIndex": 14,
      "scopes": [
        "source.vhdl",
      ],
      "startIndex": 12,
      "text": ";",
    },
  ],
  [
    {
      "endIndex": 4,
      "scopes": [
        "source.vhdl",
      ],
      "startIndex": 0,
      "text": "    ",
    },
    {
      "endIndex": 10,
      "scopes": [
        "source.vhdl",
        "keyword.language.vhdl",
      ],
      "startIndex": 4,
      "text": "return",
    },
    {
      "endIndex": 19,
      "scopes": [
        "source.vhdl",
      ],
      "startIndex": 10,
      "text": " result;",
    },
  ],
  [
    {
      "endIndex": 2,
      "scopes": [
        "source.vhdl",
      ],
      "startIndex": 0,
      "text": "  ",
    },
    {
      "endIndex": 5,
      "scopes": [
        "source.vhdl",
        "keyword.language.vhdl",
      ],
      "startIndex": 2,
      "text": "end",
    },
    {
      "endIndex": 6,
      "scopes": [
        "source.vhdl",
      ],
      "startIndex": 5,
      "text": " ",
    },
    {
      "endIndex": 14,
      "scopes": [
        "source.vhdl",
        "keyword.language.vhdl",
      ],
      "startIndex": 6,
      "text": "function",
    },
    {
      "endIndex": 16,
      "scopes": [
        "source.vhdl",
      ],
      "startIndex": 14,
      "text": ";",
    },
  ],
  [
    {
      "endIndex": 1,
      "scopes": [
        "source.vhdl",
      ],
      "startIndex": 0,
      "text": "",
    },
  ],
  [
    {
      "endIndex": 1,
      "scopes": [
        "source.vhdl",
      ],
      "startIndex": 0,
      "text": "",
    },
  ],
  [
    {
      "endIndex": 2,
      "scopes": [
        "source.vhdl",
      ],
      "startIndex": 0,
      "text": "  ",
    },
    {
      "endIndex": 6,
      "scopes": [
        "source.vhdl",
        "keyword.language.vhdl",
      ],
      "startIndex": 2,
      "text": "type",
    },
    {
      "endIndex": 21,
      "scopes": [
        "source.vhdl",
      ],
      "startIndex": 6,
      "text": " crccalculator ",
    },
    {
      "endIndex": 23,
      "scopes": [
        "source.vhdl",
        "keyword.language.vhdl",
      ],
      "startIndex": 21,
      "text": "is",
    },
    {
      "endIndex": 24,
      "scopes": [
        "source.vhdl",
      ],
      "startIndex": 23,
      "text": " ",
    },
    {
      "endIndex": 33,
      "scopes": [
        "source.vhdl",
        "keyword.language.vhdl",
      ],
      "startIndex": 24,
      "text": "protected",
    },
    {
      "endIndex": 34,
      "scopes": [
        "source.vhdl",
      ],
      "startIndex": 33,
      "text": " ",
    },
    {
      "endIndex": 38,
      "scopes": [
        "source.vhdl",
        "keyword.language.vhdl",
      ],
      "startIndex": 34,
      "text": "body",
    },
  ],
  [
    {
      "endIndex": 1,
      "scopes": [
        "source.vhdl",
      ],
      "startIndex": 0,
      "text": "",
    },
  ],
  [
    {
      "endIndex": 4,
      "scopes": [
        "source.vhdl",
      ],
      "startIndex": 0,
      "text": "    ",
    },
    {
      "endIndex": 12,
      "scopes": [
        "source.vhdl",
        "keyword.language.vhdl",
      ],
      "startIndex": 4,
      "text": "variable",
    },
    {
      "endIndex": 35,
      "scopes": [
        "source.vhdl",
      ],
      "startIndex": 12,
      "text": " crc: std_ulogic_vector",
    },
    {
      "endIndex": 36,
      "scopes": [
        "source.vhdl",
        "keyword.operator",
      ],
      "startIndex": 35,
      "text": "(",
    },
    {
      "endIndex": 38,
      "scopes": [
        "source.vhdl",
        "constant.numeric.vhdl",
      ],
      "startIndex": 36,
      "text": "31",
    },
    {
      "endIndex": 39,
      "scopes": [
        "source.vhdl",
      ],
      "startIndex": 38,
      "text": " ",
    },
    {
      "endIndex": 45,
      "scopes": [
        "source.vhdl",
        "keyword.language.vhdl",
      ],
      "startIndex": 39,
      "text": "downto",
    },
    {
      "endIndex": 46,
      "scopes": [
        "source.vhdl",
      ],
      "startIndex": 45,
      "text": " ",
    },
    {
      "endIndex": 47,
      "scopes": [
        "source.vhdl",
        "constant.numeric.vhdl",
      ],
      "startIndex": 46,
      "text": "0",
    },
    {
      "endIndex": 48,
      "scopes": [
        "source.vhdl",
        "keyword.operator",
      ],
      "startIndex": 47,
      "text": ")",
    },
    {
      "endIndex": 49,
      "scopes": [
        "source.vhdl",
      ],
      "startIndex": 48,
      "text": " ",
    },
    {
      "endIndex": 51,
      "scopes": [
        "source.vhdl",
        "keyword.operator",
      ],
      "startIndex": 49,
      "text": ":=",
    },
    {
      "endIndex": 52,
      "scopes": [
        "source.vhdl",
      ],
      "startIndex": 51,
      "text": " ",
    },
    {
      "endIndex": 53,
      "scopes": [
        "source.vhdl",
        "keyword.operator",
      ],
      "startIndex": 52,
      "text": "(",
    },
    {
      "endIndex": 59,
      "scopes": [
        "source.vhdl",
        "keyword.language.vhdl",
      ],
      "startIndex": 53,
      "text": "others",
    },
    {
      "endIndex": 60,
      "scopes": [
        "source.vhdl",
      ],
      "startIndex": 59,
      "text": " ",
    },
    {
      "endIndex": 62,
      "scopes": [
        "source.vhdl",
        "keyword.operator",
      ],
      "startIndex": 60,
      "text": "=>",
    },
    {
      "endIndex": 63,
      "scopes": [
        "source.vhdl",
      ],
      "startIndex": 62,
      "text": " ",
    },
    {
      "endIndex": 66,
      "scopes": [
        "source.vhdl",
        "constant.character.vhdl",
      ],
      "startIndex": 63,
      "text": "'1'",
    },
    {
      "endIndex": 67,
      "scopes": [
        "source.vhdl",
        "keyword.operator",
      ],
      "startIndex": 66,
      "text": ")",
    },
    {
      "endIndex": 69,
      "scopes": [
        "source.vhdl",
      ],
      "startIndex": 67,
      "text": ";",
    },
  ],
  [
    {
      "endIndex": 1,
      "scopes": [
        "source.vhdl",
      ],
      "startIndex": 0,
      "text": "",
    },
  ],
  [
    {
      "endIndex": 4,
      "scopes": [
        "source.vhdl",
      ],
      "startIndex": 0,
      "text": "    ",
    },
    {
      "endIndex": 13,
      "scopes": [
        "source.vhdl",
        "keyword.language.vhdl",
      ],
      "startIndex": 4,
      "text": "procedure",
    },
    {
      "endIndex": 19,
      "scopes": [
        "source.vhdl",
      ],
      "startIndex": 13,
      "text": " init ",
    },
    {
      "endIndex": 21,
      "scopes": [
        "source.vhdl",
        "keyword.language.vhdl",
      ],
      "startIndex": 19,
      "text": "is",
    },
  ],
  [
    {
      "endIndex": 4,
      "scopes": [
        "source.vhdl",
      ],
      "startIndex": 0,
      "text": "    ",
    },
    {
      "endIndex": 9,
      "scopes": [
        "source.vhdl",
        "keyword.language.vhdl",
      ],
      "startIndex": 4,
      "text": "begin",
    },
  ],
  [
    {
      "endIndex": 10,
      "scopes": [
        "source.vhdl",
      ],
      "startIndex": 0,
      "text": "      crc ",
    },
    {
      "endIndex": 12,
      "scopes": [
        "source.vhdl",
        "keyword.operator",
      ],
      "startIndex": 10,
      "text": ":=",
    },
    {
      "endIndex": 13,
      "scopes": [
        "source.vhdl",
      ],
      "startIndex": 12,
      "text": " ",
    },
    {
      "endIndex": 14,
      "scopes": [
        "source.vhdl",
        "keyword.operator",
      ],
      "startIndex": 13,
      "text": "(",
    },
    {
      "endIndex": 20,
      "scopes": [
        "source.vhdl",
        "keyword.language.vhdl",
      ],
      "startIndex": 14,
      "text": "others",
    },
    {
      "endIndex": 21,
      "scopes": [
        "source.vhdl",
      ],
      "startIndex": 20,
      "text": " ",
    },
    {
      "endIndex": 23,
      "scopes": [
        "source.vhdl",
        "keyword.operator",
      ],
      "startIndex": 21,
      "text": "=>",
    },
    {
      "endIndex": 24,
      "scopes": [
        "source.vhdl",
      ],
      "startIndex": 23,
      "text": " ",
    },
    {
      "endIndex": 27,
      "scopes": [
        "source.vhdl",
        "constant.character.vhdl",
      ],
      "startIndex": 24,
      "text": "'1'",
    },
    {
      "endIndex": 28,
      "scopes": [
        "source.vhdl",
        "keyword.operator",
      ],
      "startIndex": 27,
      "text": ")",
    },
    {
      "endIndex": 30,
      "scopes": [
        "source.vhdl",
      ],
      "startIndex": 28,
      "text": ";",
    },
  ],
  [
    {
      "endIndex": 4,
      "scopes": [
        "source.vhdl",
      ],
      "startIndex": 0,
      "text": "    ",
    },
    {
      "endIndex": 7,
      "scopes": [
        "source.vhdl",
        "keyword.language.vhdl",
      ],
      "startIndex": 4,
      "text": "end",
    },
    {
      "endIndex": 8,
      "scopes": [
        "source.vhdl",
      ],
      "startIndex": 7,
      "text": " ",
    },
    {
      "endIndex": 17,
      "scopes": [
        "source.vhdl",
        "keyword.language.vhdl",
      ],
      "startIndex": 8,
      "text": "procedure",
    },
    {
      "endIndex": 19,
      "scopes": [
        "source.vhdl",
      ],
      "startIndex": 17,
      "text": ";",
    },
  ],
  [
    {
      "endIndex": 1,
      "scopes": [
        "source.vhdl",
      ],
      "startIndex": 0,
      "text": "",
    },
  ],
  [
    {
      "endIndex": 4,
      "scopes": [
        "source.vhdl",
      ],
      "startIndex": 0,
      "text": "    ",
    },
    {
      "endIndex": 13,
      "scopes": [
        "source.vhdl",
        "keyword.language.vhdl",
      ],
      "startIndex": 4,
      "text": "procedure",
    },
    {
      "endIndex": 19,
      "scopes": [
        "source.vhdl",
      ],
      "startIndex": 13,
      "text": " input",
    },
    {
      "endIndex": 20,
      "scopes": [
        "source.vhdl",
        "keyword.operator",
      ],
      "startIndex": 19,
      "text": "(",
    },
    {
      "endIndex": 43,
      "scopes": [
        "source.vhdl",
      ],
      "startIndex": 20,
      "text": "data: std_ulogic_vector",
    },
    {
      "endIndex": 44,
      "scopes": [
        "source.vhdl",
        "keyword.operator",
      ],
      "startIndex": 43,
      "text": ")",
    },
    {
      "endIndex": 45,
      "scopes": [
        "source.vhdl",
      ],
      "startIndex": 44,
      "text": " ",
    },
    {
      "endIndex": 47,
      "scopes": [
        "source.vhdl",
        "keyword.language.vhdl",
      ],
      "startIndex": 45,
      "text": "is",
    },
  ],
  [
    {
      "endIndex": 4,
      "scopes": [
        "source.vhdl",
      ],
      "startIndex": 0,
      "text": "    ",
    },
    {
      "endIndex": 9,
      "scopes": [
        "source.vhdl",
        "keyword.language.vhdl",
      ],
      "startIndex": 4,
      "text": "begin",
    },
  ],
  [
    {
      "endIndex": 6,
      "scopes": [
        "source.vhdl",
      ],
      "startIndex": 0,
      "text": "      ",
    },
    {
      "endIndex": 9,
      "scopes": [
        "source.vhdl",
        "keyword.language.vhdl",
      ],
      "startIndex": 6,
      "text": "for",
    },
    {
      "endIndex": 12,
      "scopes": [
        "source.vhdl",
      ],
      "startIndex": 9,
      "text": " i ",
    },
    {
      "endIndex": 14,
      "scopes": [
        "source.vhdl",
        "keyword.language.vhdl",
      ],
      "startIndex": 12,
      "text": "in",
    },
    {
      "endIndex": 19,
      "scopes": [
        "source.vhdl",
      ],
      "startIndex": 14,
      "text": " data",
    },
    {
      "endIndex": 20,
      "scopes": [
        "source.vhdl",
        "keyword.operator",
      ],
      "startIndex": 19,
      "text": "'",
    },
    {
      "endIndex": 27,
      "scopes": [
        "source.vhdl",
      ],
      "startIndex": 20,
      "text": "length ",
    },
    {
      "endIndex": 28,
      "scopes": [
        "source.vhdl",
        "keyword.operator",
      ],
      "startIndex": 27,
      "text": "/",
    },
    {
      "endIndex": 29,
      "scopes": [
        "source.vhdl",
      ],
      "startIndex": 28,
      "text": " ",
    },
    {
      "endIndex": 30,
      "scopes": [
        "source.vhdl",
        "constant.numeric.vhdl",
      ],
      "startIndex": 29,
      "text": "8",
    },
    {
      "endIndex": 31,
      "scopes": [
        "source.vhdl",
      ],
      "startIndex": 30,
      "text": " ",
    },
    {
      "endIndex": 32,
      "scopes": [
        "source.vhdl",
        "keyword.operator",
      ],
      "startIndex": 31,
      "text": "-",
    },
    {
      "endIndex": 33,
      "scopes": [
        "source.vhdl",
      ],
      "startIndex": 32,
      "text": " ",
    },
    {
      "endIndex": 34,
      "scopes": [
        "source.vhdl",
        "constant.numeric.vhdl",
      ],
      "startIndex": 33,
      "text": "1",
    },
    {
      "endIndex": 35,
      "scopes": [
        "source.vhdl",
      ],
      "startIndex": 34,
      "text": " ",
    },
    {
      "endIndex": 41,
      "scopes": [
        "source.vhdl",
        "keyword.language.vhdl",
      ],
      "startIndex": 35,
      "text": "downto",
    },
    {
      "endIndex": 42,
      "scopes": [
        "source.vhdl",
      ],
      "startIndex": 41,
      "text": " ",
    },
    {
      "endIndex": 43,
      "scopes": [
        "source.vhdl",
        "constant.numeric.vhdl",
      ],
      "startIndex": 42,
      "text": "0",
    },
    {
      "endIndex": 44,
      "scopes": [
        "source.vhdl",
      ],
      "startIndex": 43,
      "text": " ",
    },
    {
      "endIndex": 48,
      "scopes": [
        "source.vhdl",
        "keyword.language.vhdl",
      ],
      "startIndex": 44,
      "text": "loop",
    },
  ],
  [
    {
      "endIndex": 10,
      "scopes": [
        "source.vhdl",
      ],
      "startIndex": 0,
      "text": "          ",
    },
    {
      "endIndex": 13,
      "scopes": [
        "source.vhdl",
        "keyword.language.vhdl",
      ],
      "startIndex": 10,
      "text": "for",
    },
    {
      "endIndex": 18,
      "scopes": [
        "source.vhdl",
      ],
      "startIndex": 13,
      "text": " bit ",
    },
    {
      "endIndex": 20,
      "scopes": [
        "source.vhdl",
        "keyword.language.vhdl",
      ],
      "startIndex": 18,
      "text": "in",
    },
    {
      "endIndex": 21,
      "scopes": [
        "source.vhdl",
      ],
      "startIndex": 20,
      "text": " ",
    },
    {
      "endIndex": 22,
      "scopes": [
        "source.vhdl",
        "constant.numeric.vhdl",
      ],
      "startIndex": 21,
      "text": "0",
    },
    {
      "endIndex": 23,
      "scopes": [
        "source.vhdl",
      ],
      "startIndex": 22,
      "text": " ",
    },
    {
      "endIndex": 25,
      "scopes": [
        "source.vhdl",
        "keyword.language.vhdl",
      ],
      "startIndex": 23,
      "text": "to",
    },
    {
      "endIndex": 26,
      "scopes": [
        "source.vhdl",
      ],
      "startIndex": 25,
      "text": " ",
    },
    {
      "endIndex": 27,
      "scopes": [
        "source.vhdl",
        "constant.numeric.vhdl",
      ],
      "startIndex": 26,
      "text": "7",
    },
    {
      "endIndex": 28,
      "scopes": [
        "source.vhdl",
      ],
      "startIndex": 27,
      "text": " ",
    },
    {
      "endIndex": 32,
      "scopes": [
        "source.vhdl",
        "keyword.language.vhdl",
      ],
      "startIndex": 28,
      "text": "loop",
    },
  ],
  [
    {
      "endIndex": 12,
      "scopes": [
        "source.vhdl",
      ],
      "startIndex": 0,
      "text": "            ",
    },
    {
      "endIndex": 14,
      "scopes": [
        "source.vhdl",
        "keyword.language.vhdl",
      ],
      "startIndex": 12,
      "text": "if",
    },
    {
      "endIndex": 18,
      "scopes": [
        "source.vhdl",
      ],
      "startIndex": 14,
      "text": " crc",
    },
    {
      "endIndex": 19,
      "scopes": [
        "source.vhdl",
        "keyword.operator",
      ],
      "startIndex": 18,
      "text": "(",
    },
    {
      "endIndex": 21,
      "scopes": [
        "source.vhdl",
        "constant.numeric.vhdl",
      ],
      "startIndex": 19,
      "text": "31",
    },
    {
      "endIndex": 22,
      "scopes": [
        "source.vhdl",
        "keyword.operator",
      ],
      "startIndex": 21,
      "text": ")",
    },
    {
      "endIndex": 23,
      "scopes": [
        "source.vhdl",
      ],
      "startIndex": 22,
      "text": " ",
    },
    {
      "endIndex": 25,
      "scopes": [
        "source.vhdl",
        "keyword.operator",
      ],
      "startIndex": 23,
      "text": "/=",
    },
    {
      "endIndex": 30,
      "scopes": [
        "source.vhdl",
      ],
      "startIndex": 25,
      "text": " data",
    },
    {
      "endIndex": 31,
      "scopes": [
        "source.vhdl",
        "keyword.operator",
      ],
      "startIndex": 30,
      "text": "(",
    },
    {
      "endIndex": 33,
      "scopes": [
        "source.vhdl",
      ],
      "startIndex": 31,
      "text": "i ",
    },
    {
      "endIndex": 34,
      "scopes": [
        "source.vhdl",
        "keyword.operator",
      ],
      "startIndex": 33,
      "text": "*",
    },
    {
      "endIndex": 35,
      "scopes": [
        "source.vhdl",
      ],
      "startIndex": 34,
      "text": " ",
    },
    {
      "endIndex": 36,
      "scopes": [
        "source.vhdl",
        "constant.numeric.vhdl",
      ],
      "startIndex": 35,
      "text": "8",
    },
    {
      "endIndex": 37,
      "scopes": [
        "source.vhdl",
      ],
      "startIndex": 36,
      "text": " ",
    },
    {
      "endIndex": 38,
      "scopes": [
        "source.vhdl",
        "keyword.operator",
      ],
      "startIndex": 37,
      "text": "+",
    },
    {
      "endIndex": 42,
      "scopes": [
        "source.vhdl",
      ],
      "startIndex": 38,
      "text": " bit",
    },
    {
      "endIndex": 43,
      "scopes": [
        "source.vhdl",
        "keyword.operator",
      ],
      "startIndex": 42,
      "text": ")",
    },
    {
      "endIndex": 44,
      "scopes": [
        "source.vhdl",
      ],
      "startIndex": 43,
      "text": " ",
    },
    {
      "endIndex": 48,
      "scopes": [
        "source.vhdl",
        "keyword.language.vhdl",
      ],
      "startIndex": 44,
      "text": "then",
    },
    {
      "endIndex": 49,
      "scopes": [
        "source.vhdl",
      ],
      "startIndex": 48,
      "text": " ",
    },
    {
      "endIndex": 70,
      "scopes": [
        "source.vhdl",
        "comment.line.double-dash.vhdl",
      ],
      "startIndex": 49,
      "text": "-- reflect input byte",
    },
  ],
  [
    {
      "endIndex": 18,
      "scopes": [
        "source.vhdl",
      ],
      "startIndex": 0,
      "text": "              crc ",
    },
    {
      "endIndex": 20,
      "scopes": [
        "source.vhdl",
        "keyword.operator",
      ],
      "startIndex": 18,
      "text": ":=",
    },
    {
      "endIndex": 21,
      "scopes": [
        "source.vhdl",
      ],
      "startIndex": 20,
      "text": " ",
    },
    {
      "endIndex": 22,
      "scopes": [
        "source.vhdl",
        "keyword.operator",
      ],
      "startIndex": 21,
      "text": "(",
    },
    {
      "endIndex": 26,
      "scopes": [
        "source.vhdl",
      ],
      "startIndex": 22,
      "text": "crc ",
    },
    {
      "endIndex": 29,
      "scopes": [
        "source.vhdl",
        "keyword.language.vhdl",
      ],
      "startIndex": 26,
      "text": "sll",
    },
    {
      "endIndex": 30,
      "scopes": [
        "source.vhdl",
      ],
      "startIndex": 29,
      "text": " ",
    },
    {
      "endIndex": 31,
      "scopes": [
        "source.vhdl",
        "constant.numeric.vhdl",
      ],
      "startIndex": 30,
      "text": "1",
    },
    {
      "endIndex": 32,
      "scopes": [
        "source.vhdl",
        "keyword.operator",
      ],
      "startIndex": 31,
      "text": ")",
    },
    {
      "endIndex": 33,
      "scopes": [
        "source.vhdl",
      ],
      "startIndex": 32,
      "text": " ",
    },
    {
      "endIndex": 36,
      "scopes": [
        "source.vhdl",
        "keyword.language.vhdl",
      ],
      "startIndex": 33,
      "text": "xor",
    },
    {
      "endIndex": 47,
      "scopes": [
        "source.vhdl",
      ],
      "startIndex": 36,
      "text": " c_crcpol;",
    },
  ],
  [
    {
      "endIndex": 12,
      "scopes": [
        "source.vhdl",
      ],
      "startIndex": 0,
      "text": "            ",
    },
    {
      "endIndex": 16,
      "scopes": [
        "source.vhdl",
        "keyword.language.vhdl",
      ],
      "startIndex": 12,
      "text": "else",
    },
  ],
  [
    {
      "endIndex": 18,
      "scopes": [
        "source.vhdl",
      ],
      "startIndex": 0,
      "text": "              crc ",
    },
    {
      "endIndex": 20,
      "scopes": [
        "source.vhdl",
        "keyword.operator",
      ],
      "startIndex": 18,
      "text": ":=",
    },
    {
      "endIndex": 25,
      "scopes": [
        "source.vhdl",
      ],
      "startIndex": 20,
      "text": " crc ",
    },
    {
      "endIndex": 28,
      "scopes": [
        "source.vhdl",
        "keyword.language.vhdl",
      ],
      "startIndex": 25,
      "text": "sll",
    },
    {
      "endIndex": 29,
      "scopes": [
        "source.vhdl",
      ],
      "startIndex": 28,
      "text": " ",
    },
    {
      "endIndex": 30,
      "scopes": [
        "source.vhdl",
        "constant.numeric.vhdl",
      ],
      "startIndex": 29,
      "text": "1",
    },
    {
      "endIndex": 32,
      "scopes": [
        "source.vhdl",
      ],
      "startIndex": 30,
      "text": ";",
    },
  ],
  [
    {
      "endIndex": 12,
      "scopes": [
        "source.vhdl",
      ],
      "startIndex": 0,
      "text": "            ",
    },
    {
      "endIndex": 15,
      "scopes": [
        "source.vhdl",
        "keyword.language.vhdl",
      ],
      "startIndex": 12,
      "text": "end",
    },
    {
      "endIndex": 16,
      "scopes": [
        "source.vhdl",
      ],
      "startIndex": 15,
      "text": " ",
    },
    {
      "endIndex": 18,
      "scopes": [
        "source.vhdl",
        "keyword.language.vhdl",
      ],
      "startIndex": 16,
      "text": "if",
    },
    {
      "endIndex": 20,
      "scopes": [
        "source.vhdl",
      ],
      "startIndex": 18,
      "text": ";",
    },
  ],
  [
    {
      "endIndex": 10,
      "scopes": [
        "source.vhdl",
      ],
      "startIndex": 0,
      "text": "          ",
    },
    {
      "endIndex": 13,
      "scopes": [
        "source.vhdl",
        "keyword.language.vhdl",
      ],
      "startIndex": 10,
      "text": "end",
    },
    {
      "endIndex": 14,
      "scopes": [
        "source.vhdl",
      ],
      "startIndex": 13,
      "text": " ",
    },
    {
      "endIndex": 18,
      "scopes": [
        "source.vhdl",
        "keyword.language.vhdl",
      ],
      "startIndex": 14,
      "text": "loop",
    },
    {
      "endIndex": 20,
      "scopes": [
        "source.vhdl",
      ],
      "startIndex": 18,
      "text": ";",
    },
  ],
  [
    {
      "endIndex": 6,
      "scopes": [
        "source.vhdl",
      ],
      "startIndex": 0,
      "text": "      ",
    },
    {
      "endIndex": 9,
      "scopes": [
        "source.vhdl",
        "keyword.language.vhdl",
      ],
      "startIndex": 6,
      "text": "end",
    },
    {
      "endIndex": 10,
      "scopes": [
        "source.vhdl",
      ],
      "startIndex": 9,
      "text": " ",
    },
    {
      "endIndex": 14,
      "scopes": [
        "source.vhdl",
        "keyword.language.vhdl",
      ],
      "startIndex": 10,
      "text": "loop",
    },
    {
      "endIndex": 16,
      "scopes": [
        "source.vhdl",
      ],
      "startIndex": 14,
      "text": ";",
    },
  ],
  [
    {
      "endIndex": 4,
      "scopes": [
        "source.vhdl",
      ],
      "startIndex": 0,
      "text": "    ",
    },
    {
      "endIndex": 7,
      "scopes": [
        "source.vhdl",
        "keyword.language.vhdl",
      ],
      "startIndex": 4,
      "text": "end",
    },
    {
      "endIndex": 8,
      "scopes": [
        "source.vhdl",
      ],
      "startIndex": 7,
      "text": " ",
    },
    {
      "endIndex": 17,
      "scopes": [
        "source.vhdl",
        "keyword.language.vhdl",
      ],
      "startIndex": 8,
      "text": "procedure",
    },
    {
      "endIndex": 19,
      "scopes": [
        "source.vhdl",
      ],
      "startIndex": 17,
      "text": ";",
    },
  ],
  [
    {
      "endIndex": 1,
      "scopes": [
        "source.vhdl",
      ],
      "startIndex": 0,
      "text": "",
    },
  ],
  [
    {
      "endIndex": 4,
      "scopes": [
        "source.vhdl",
      ],
      "startIndex": 0,
      "text": "    ",
    },
    {
      "endIndex": 10,
      "scopes": [
        "source.vhdl",
        "keyword.language.vhdl",
      ],
      "startIndex": 4,
      "text": "impure",
    },
    {
      "endIndex": 11,
      "scopes": [
        "source.vhdl",
      ],
      "startIndex": 10,
      "text": " ",
    },
    {
      "endIndex": 19,
      "scopes": [
        "source.vhdl",
        "keyword.language.vhdl",
      ],
      "startIndex": 11,
      "text": "function",
    },
    {
      "endIndex": 27,
      "scopes": [
        "source.vhdl",
      ],
      "startIndex": 19,
      "text": " getcrc ",
    },
    {
      "endIndex": 33,
      "scopes": [
        "source.vhdl",
        "keyword.language.vhdl",
      ],
      "startIndex": 27,
      "text": "return",
    },
    {
      "endIndex": 52,
      "scopes": [
        "source.vhdl",
      ],
      "startIndex": 33,
      "text": " std_ulogic_vector ",
    },
    {
      "endIndex": 54,
      "scopes": [
        "source.vhdl",
        "keyword.language.vhdl",
      ],
      "startIndex": 52,
      "text": "is",
    },
  ],
  [
    {
      "endIndex": 6,
      "scopes": [
        "source.vhdl",
      ],
      "startIndex": 0,
      "text": "      ",
    },
    {
      "endIndex": 14,
      "scopes": [
        "source.vhdl",
        "keyword.language.vhdl",
      ],
      "startIndex": 6,
      "text": "variable",
    },
    {
      "endIndex": 40,
      "scopes": [
        "source.vhdl",
      ],
      "startIndex": 14,
      "text": " result: std_ulogic_vector",
    },
    {
      "endIndex": 41,
      "scopes": [
        "source.vhdl",
        "keyword.operator",
      ],
      "startIndex": 40,
      "text": "(",
    },
    {
      "endIndex": 43,
      "scopes": [
        "source.vhdl",
        "constant.numeric.vhdl",
      ],
      "startIndex": 41,
      "text": "31",
    },
    {
      "endIndex": 44,
      "scopes": [
        "source.vhdl",
      ],
      "startIndex": 43,
      "text": " ",
    },
    {
      "endIndex": 50,
      "scopes": [
        "source.vhdl",
        "keyword.language.vhdl",
      ],
      "startIndex": 44,
      "text": "downto",
    },
    {
      "endIndex": 51,
      "scopes": [
        "source.vhdl",
      ],
      "startIndex": 50,
      "text": " ",
    },
    {
      "endIndex": 52,
      "scopes": [
        "source.vhdl",
        "constant.numeric.vhdl",
      ],
      "startIndex": 51,
      "text": "0",
    },
    {
      "endIndex": 53,
      "scopes": [
        "source.vhdl",
        "keyword.operator",
      ],
      "startIndex": 52,
      "text": ")",
    },
    {
      "endIndex": 55,
      "scopes": [
        "source.vhdl",
      ],
      "startIndex": 53,
      "text": ";",
    },
  ],
  [
    {
      "endIndex": 4,
      "scopes": [
        "source.vhdl",
      ],
      "startIndex": 0,
      "text": "    ",
    },
    {
      "endIndex": 9,
      "scopes": [
        "source.vhdl",
        "keyword.language.vhdl",
      ],
      "startIndex": 4,
      "text": "begin",
    },
  ],
  [
    {
      "endIndex": 13,
      "scopes": [
        "source.vhdl",
      ],
      "startIndex": 0,
      "text": "      result ",
    },
    {
      "endIndex": 15,
      "scopes": [
        "source.vhdl",
        "keyword.operator",
      ],
      "startIndex": 13,
      "text": ":=",
    },
    {
      "endIndex": 20,
      "scopes": [
        "source.vhdl",
      ],
      "startIndex": 15,
      "text": " crc ",
    },
    {
      "endIndex": 23,
      "scopes": [
        "source.vhdl",
        "keyword.language.vhdl",
      ],
      "startIndex": 20,
      "text": "xor",
    },
    {
      "endIndex": 24,
      "scopes": [
        "source.vhdl",
      ],
      "startIndex": 23,
      "text": " ",
    },
    {
      "endIndex": 35,
      "scopes": [
        "source.vhdl",
        "constant.numeric.vhdl",
      ],
      "startIndex": 24,
      "text": "x"ffffffff"",
    },
    {
      "endIndex": 37,
      "scopes": [
        "source.vhdl",
      ],
      "startIndex": 35,
      "text": ";",
    },
  ],
  [
    {
      "endIndex": 6,
      "scopes": [
        "source.vhdl",
      ],
      "startIndex": 0,
      "text": "      ",
    },
    {
      "endIndex": 12,
      "scopes": [
        "source.vhdl",
        "keyword.language.vhdl",
      ],
      "startIndex": 6,
      "text": "return",
    },
    {
      "endIndex": 20,
      "scopes": [
        "source.vhdl",
      ],
      "startIndex": 12,
      "text": " reflect",
    },
    {
      "endIndex": 21,
      "scopes": [
        "source.vhdl",
        "keyword.operator",
      ],
      "startIndex": 20,
      "text": "(",
    },
    {
      "endIndex": 27,
      "scopes": [
        "source.vhdl",
      ],
      "startIndex": 21,
      "text": "result",
    },
    {
      "endIndex": 28,
      "scopes": [
        "source.vhdl",
        "keyword.operator",
      ],
      "startIndex": 27,
      "text": ")",
    },
    {
      "endIndex": 30,
      "scopes": [
        "source.vhdl",
      ],
      "startIndex": 28,
      "text": ";",
    },
  ],
  [
    {
      "endIndex": 4,
      "scopes": [
        "source.vhdl",
      ],
      "startIndex": 0,
      "text": "    ",
    },
    {
      "endIndex": 7,
      "scopes": [
        "source.vhdl",
        "keyword.language.vhdl",
      ],
      "startIndex": 4,
      "text": "end",
    },
    {
      "endIndex": 8,
      "scopes": [
        "source.vhdl",
      ],
      "startIndex": 7,
      "text": " ",
    },
    {
      "endIndex": 16,
      "scopes": [
        "source.vhdl",
        "keyword.language.vhdl",
      ],
      "startIndex": 8,
      "text": "function",
    },
    {
      "endIndex": 18,
      "scopes": [
        "source.vhdl",
      ],
      "startIndex": 16,
      "text": ";",
    },
  ],
  [
    {
      "endIndex": 1,
      "scopes": [
        "source.vhdl",
      ],
      "startIndex": 0,
      "text": "",
    },
  ],
  [
    {
      "endIndex": 2,
      "scopes": [
        "source.vhdl",
      ],
      "startIndex": 0,
      "text": "  ",
    },
    {
      "endIndex": 5,
      "scopes": [
        "source.vhdl",
        "keyword.language.vhdl",
      ],
      "startIndex": 2,
      "text": "end",
    },
    {
      "endIndex": 6,
      "scopes": [
        "source.vhdl",
      ],
      "startIndex": 5,
      "text": " ",
    },
    {
      "endIndex": 15,
      "scopes": [
        "source.vhdl",
        "keyword.language.vhdl",
      ],
      "startIndex": 6,
      "text": "protected",
    },
    {
      "endIndex": 16,
      "scopes": [
        "source.vhdl",
      ],
      "startIndex": 15,
      "text": " ",
    },
    {
      "endIndex": 20,
      "scopes": [
        "source.vhdl",
        "keyword.language.vhdl",
      ],
      "startIndex": 16,
      "text": "body",
    },
    {
      "endIndex": 22,
      "scopes": [
        "source.vhdl",
      ],
      "startIndex": 20,
      "text": ";",
    },
  ],
  [
    {
      "endIndex": 3,
      "scopes": [
        "source.vhdl",
        "keyword.language.vhdl",
      ],
      "startIndex": 0,
      "text": "end",
    },
    {
      "endIndex": 4,
      "scopes": [
        "source.vhdl",
      ],
      "startIndex": 3,
      "text": " ",
    },
    {
      "endIndex": 11,
      "scopes": [
        "source.vhdl",
        "keyword.language.vhdl",
      ],
      "startIndex": 4,
      "text": "package",
    },
    {
      "endIndex": 12,
      "scopes": [
        "source.vhdl",
      ],
      "startIndex": 11,
      "text": " ",
    },
    {
      "endIndex": 16,
      "scopes": [
        "source.vhdl",
        "keyword.language.vhdl",
      ],
      "startIndex": 12,
      "text": "body",
    },
    {
      "endIndex": 18,
      "scopes": [
        "source.vhdl",
      ],
      "startIndex": 16,
      "text": ";",
    },
  ],
]
`;
